HP@DESKTOP-H82FM6Q MINGW64 ~/Ironhack/week_1/day_1/morning/git_demo/AnotherDemo (main)
$ git remote add origin https://github.com/aparnamuratkar/IronAparna.git

HP@DESKTOP-H82FM6Q MINGW64 ~/Ironhack/week_1/day_1/morning/git_demo/AnotherDemo (main)
$ git status
On branch main
nothing to commit, working tree clean

HP@DESKTOP-H82FM6Q MINGW64 ~/Ironhack/week_1/day_1/morning/git_demo/AnotherDemo (main)
$ touch about.txt

HP@DESKTOP-H82FM6Q MINGW64 ~/Ironhack/week_1/day_1/morning/git_demo/AnotherDemo (main)
$ ls
README.md  about.txt

HP@DESKTOP-H82FM6Q MINGW64 ~/Ironhack/week_1/day_1/morning/git_demo/AnotherDemo (main)
$ git clone git remote add origin https://github.com/aparnamuratkar/IronAparna.git
fatal: Too many arguments.

usage: git clone [<options>] [--] <repo> [<dir>]

    -v, --verbose         be more verbose
    -q, --quiet           be more quiet
    --progress            force progress reporting
    --reject-shallow      don't clone shallow repository
    -n, --no-checkout     don't create a checkout
    --bare                create a bare repository
    --mirror              create a mirror repository (implies bare)
    -l, --local           to clone from a local repository
    --no-hardlinks        don't use local hardlinks, always copy
    -s, --shared          setup as shared repository
    --recurse-submodules[=<pathspec>]
                          initialize submodules in the clone
    --recursive ...       alias of --recurse-submodules
    -j, --jobs <n>        number of submodules cloned in parallel
    --template <template-directory>
                          directory from which templates will be used
    --reference <repo>    reference repository
    --reference-if-able <repo>
                          reference repository
    --dissociate          use --reference only while cloning
    -o, --origin <name>   use <name> instead of 'origin' to track upstream
    -b, --branch <branch>
                          checkout <branch> instead of the remote's HEAD
    -u, --upload-pack <path>
                          path to git-upload-pack on the remote
    --depth <depth>       create a shallow clone of that depth
    --shallow-since <time>
                          create a shallow clone since a specific time
    --shallow-exclude <revision>
                          deepen history of shallow clone, excluding rev
    --single-branch       clone only one branch, HEAD or --branch
    --no-tags             don't clone any tags, and make later fetches not to follow them
    --shallow-submodules  any cloned submodules will be shallow
    --separate-git-dir <gitdir>
                          separate git dir from working tree
    -c, --config <key=value>
                          set config inside the new repository
    --server-option <server-specific>
                          option to transmit
    -4, --ipv4            use IPv4 addresses only
    -6, --ipv6            use IPv6 addresses only
    --filter <args>       object filtering
    --also-filter-submodules
                          apply partial clone filters to submodules
    --remote-submodules   any cloned submodules will use their remote-tracking branch
    --sparse              initialize sparse-checkout file to include only files at root
    --bundle-uri <uri>    a URI for downloading bundles before fetching from origin remote


HP@DESKTOP-H82FM6Q MINGW64 ~/Ironhack/week_1/day_1/morning/git_demo/AnotherDemo (main)
$ cd ../

HP@DESKTOP-H82FM6Q MINGW64 ~/Ironhack/week_1/day_1/morning/git_demo
$ ls
AnotherDemo/  lab-bash/  solutions.txt

HP@DESKTOP-H82FM6Q MINGW64 ~/Ironhack/week_1/day_1/morning/git_demo
$ git remote add origin https://github.com/aparnamuratkar/IronAparna.git
fatal: not a git repository (or any of the parent directories): .git

HP@DESKTOP-H82FM6Q MINGW64 ~/Ironhack/week_1/day_1/morning/git_demo
$ git clone https://github.com/aparnamuratkar/IronAparna.git
Cloning into 'IronAparna'...
warning: You appear to have cloned an empty repository.

HP@DESKTOP-H82FM6Q MINGW64 ~/Ironhack/week_1/day_1/morning/git_demo
$ git status
fatal: not a git repository (or any of the parent directories): .git

HP@DESKTOP-H82FM6Q MINGW64 ~/Ironhack/week_1/day_1/morning/git_demo
$ ls
AnotherDemo/  IronAparna/  lab-bash/  solutions.txt

HP@DESKTOP-H82FM6Q MINGW64 ~/Ironhack/week_1/day_1/morning/git_demo
$ cd IronAparna

HP@DESKTOP-H82FM6Q MINGW64 ~/Ironhack/week_1/day_1/morning/git_demo/IronAparna (main)
$ git status
On branch main

No commits yet

nothing to commit (create/copy files and use "git add" to track)

HP@DESKTOP-H82FM6Q MINGW64 ~/Ironhack/week_1/day_1/morning/git_demo/IronAparna (main)
$ git branch

HP@DESKTOP-H82FM6Q MINGW64 ~/Ironhack/week_1/day_1/morning/git_demo/IronAparna (main)
$ git log
fatal: your current branch 'main' does not have any commits yet

HP@DESKTOP-H82FM6Q MINGW64 ~/Ironhack/week_1/day_1/morning/git_demo/IronAparna (main)
$ git branch -m master

HP@DESKTOP-H82FM6Q MINGW64 ~/Ironhack/week_1/day_1/morning/git_demo/IronAparna (master)
$ git status
On branch master

No commits yet

nothing to commit (create/copy files and use "git add" to track)

HP@DESKTOP-H82FM6Q MINGW64 ~/Ironhack/week_1/day_1/morning/git_demo/IronAparna (master)
$ ls

HP@DESKTOP-H82FM6Q MINGW64 ~/Ironhack/week_1/day_1/morning/git_demo/IronAparna (master)
$ touch about.txt

HP@DESKTOP-H82FM6Q MINGW64 ~/Ironhack/week_1/day_1/morning/git_demo/IronAparna (master)
$ git add about.txt

HP@DESKTOP-H82FM6Q MINGW64 ~/Ironhack/week_1/day_1/morning/git_demo/IronAparna (master)
$ git status
On branch master

No commits yet

Changes to be committed:
  (use "git rm --cached <file>..." to unstage)
        new file:   about.txt


HP@DESKTOP-H82FM6Q MINGW64 ~/Ironhack/week_1/day_1/morning/git_demo/IronAparna (master)
$ git commit -m "about file"
[master (root-commit) 7d1ce62] about file
 1 file changed, 0 insertions(+), 0 deletions(-)
 create mode 100644 about.txt

HP@DESKTOP-H82FM6Q MINGW64 ~/Ironhack/week_1/day_1/morning/git_demo/IronAparna (master)
$ git status
On branch master
Your branch is based on 'origin/main', but the upstream is gone.
  (use "git branch --unset-upstream" to fixup)

nothing to commit, working tree clean

HP@DESKTOP-H82FM6Q MINGW64 ~/Ironhack/week_1/day_1/morning/git_demo/IronAparna (master)
$ git push
fatal: The upstream branch of your current branch does not match
the name of your current branch.  To push to the upstream branch
on the remote, use

    git push origin HEAD:main

To push to the branch of the same name on the remote, use

    git push origin HEAD

To choose either option permanently, see push.default in 'git help config'.

To avoid automatically configuring an upstream branch when its name
won't match the local branch, see option 'simple' of branch.autoSetupMerge
in 'git help config'.


HP@DESKTOP-H82FM6Q MINGW64 ~/Ironhack/week_1/day_1/morning/git_demo/IronAparna (master)
$ git push origin head:main
Enumerating objects: 3, done.
Counting objects: 100% (3/3), done.
Writing objects: 100% (3/3), 214 bytes | 214.00 KiB/s, done.
Total 3 (delta 0), reused 0 (delta 0), pack-reused 0
To https://github.com/aparnamuratkar/IronAparna.git
 * [new branch]      head -> main

HP@DESKTOP-H82FM6Q MINGW64 ~/Ironhack/week_1/day_1/morning/git_demo/IronAparna (master)
$ git clone https://github.com/aparnamuratkar/Ironkalenga.git
Cloning into 'Ironkalenga'...
remote: Enumerating objects: 9, done.
remote: Counting objects: 100% (9/9), done.
remote: Compressing objects: 100% (4/4), done.
remote: Total 9 (delta 1), reused 9 (delta 1), pack-reused 0
Receiving objects: 100% (9/9), done.
Resolving deltas: 100% (1/1), done.

HP@DESKTOP-H82FM6Q MINGW64 ~/Ironhack/week_1/day_1/morning/git_demo/IronAparna (master)
$ git branch -m classmate

HP@DESKTOP-H82FM6Q MINGW64 ~/Ironhack/week_1/day_1/morning/git_demo/IronAparna (classmate)
$ touch aparna.txt

HP@DESKTOP-H82FM6Q MINGW64 ~/Ironhack/week_1/day_1/morning/git_demo/IronAparna (classmate)
$ echo "I enrolled Ironhack's Data Analytics bootcamp because.... " >> aparna.txt

HP@DESKTOP-H82FM6Q MINGW64 ~/Ironhack/week_1/day_1/morning/git_demo/IronAparna (classmate)
$ cat aparna.txt
I enrolled Ironhack's Data Analytics bootcamp because....

HP@DESKTOP-H82FM6Q MINGW64 ~/Ironhack/week_1/day_1/morning/git_demo/IronAparna (classmate)
$ notepad aparna.txt

HP@DESKTOP-H82FM6Q MINGW64 ~/Ironhack/week_1/day_1/morning/git_demo/IronAparna (classmate)
$ echo "To get a knowledge about data processing and need to start a fresh" >>aparna.txt

HP@DESKTOP-H82FM6Q MINGW64 ~/Ironhack/week_1/day_1/morning/git_demo/IronAparna (classmate)
$ cat aparna.txt
I enrolled Ironhack's Data Analytics bootcamp because....
To get a knowledge about data processing and need to start a fresh

HP@DESKTOP-H82FM6Q MINGW64 ~/Ironhack/week_1/day_1/morning/git_demo/IronAparna (classmate)
$ git add aparna.txt
warning: in the working copy of 'aparna.txt', LF will be replaced by CRLF the next time Git touches it

HP@DESKTOP-H82FM6Q MINGW64 ~/Ironhack/week_1/day_1/morning/git_demo/IronAparna (classmate)
$ git status
On branch classmate
Your branch is up to date with 'origin/main'.

Changes to be committed:
  (use "git restore --staged <file>..." to unstage)
        new file:   aparna.txt

Untracked files:
  (use "git add <file>..." to include in what will be committed)
        Ironkalenga/


HP@DESKTOP-H82FM6Q MINGW64 ~/Ironhack/week_1/day_1/morning/git_demo/IronAparna (classmate)
$ git commit -m "about github"
[classmate a594d00] about github
 1 file changed, 2 insertions(+)
 create mode 100644 aparna.txt

HP@DESKTOP-H82FM6Q MINGW64 ~/Ironhack/week_1/day_1/morning/git_demo/IronAparna (classmate)
$ git push
fatal: The upstream branch of your current branch does not match
the name of your current branch.  To push to the upstream branch
on the remote, use

    git push origin HEAD:main

To push to the branch of the same name on the remote, use

    git push origin HEAD

To choose either option permanently, see push.default in 'git help config'.

To avoid automatically configuring an upstream branch when its name
won't match the local branch, see option 'simple' of branch.autoSetupMerge
in 'git help config'.


HP@DESKTOP-H82FM6Q MINGW64 ~/Ironhack/week_1/day_1/morning/git_demo/IronAparna (classmate)
$ git push origin HEAD
fatal: unable to access 'https://github.com/aparnamuratkar/IronAparna.git/': Send failure: Connection was reset

HP@DESKTOP-H82FM6Q MINGW64 ~/Ironhack/week_1/day_1/morning/git_demo/IronAparna (classmate)
$ git push origin HEAD:main
Enumerating objects: 4, done.
Counting objects: 100% (4/4), done.
Delta compression using up to 4 threads
Compressing objects: 100% (3/3), done.
Writing objects: 100% (3/3), 380 bytes | 126.00 KiB/s, done.
Total 3 (delta 0), reused 0 (delta 0), pack-reused 0
To https://github.com/aparnamuratkar/IronAparna.git
   7d1ce62..a594d00  HEAD -> main

HP@DESKTOP-H82FM6Q MINGW64 ~/Ironhack/week_1/day_1/morning/git_demo/IronAparna (classmate)
$ git pull
Already up to date.

HP@DESKTOP-H82FM6Q MINGW64 ~/Ironhack/week_1/day_1/morning/git_demo/IronAparna (classmate)
$
